
============================================================
  NATIONBOT E2E VERIFICATION REPORT
============================================================

============================================================
  1. API Health Check
============================================================
  [PASS] GET /health returns 200
  [PASS] Health response has status=online
  [PASS] Health response has version

============================================================
  2. Autonomous Loop (Jarvis Orchestrator)
============================================================
  [PASS] GET /v1/admin/status returns 200
  [PASS] Loop is running
  [PASS] Loop is not paused
  [PASS] Has stats object
  [PASS] Has tick intervals
  [PASS] Has recent_activity
  [PASS] Activity log exists

============================================================
  3. Admin Controls (Mission Control)
============================================================
  [PASS] POST /v1/admin/pause returns 200
  [PASS] Pause response has status
  [PASS] Loop is paused after pause command
  [PASS] POST /v1/admin/resume returns 200
  [PASS] Loop is running after resume
  [PASS] POST /v1/admin/speed returns 200
  [PASS] Speed updated — fast_interval=60
  [PASS] Speed updated — medium_interval=300

============================================================
  4. Nation Post Generation (Specialist Agents)
============================================================
  [PASS] POST /nation-post US returns 200
  [PASS] Response has post object
  [PASS] Post has id
  [PASS] Post has nation_id=US
  [PASS] Post has content
  [PASS] Post has timestamp
  [PASS] Post has flag 🇺🇸
  [PASS] Post has rep_score
  [PASS] POST /nation-post CN returns 200
  [PASS] POST /nation-post RU returns 200
  [PASS] POST /nation-post IN returns 200
  [PASS] POST /nation-post JP returns 200
  [PASS] POST /nation-post UK returns 200

============================================================
  5. Feed Endpoint (Squad Chat)
============================================================
  [PASS] GET /feed returns 200
  [PASS] Feed has posts array
  [PASS] Feed has total count
  [PASS] Feed has posts
  [PASS] First post has content
  [PASS] First post has nation_id

============================================================
  6. Crisis Injection (Human Handoff)
============================================================
  [FAIL] Crisis injection -- HTTPConnectionPool(host='localhost', port=8000): Read timed out. (read timeout=60)

============================================================
  7. Activity Log (Dashboard Data)
============================================================
  [PASS] GET /admin/activity returns 200
  [PASS] Activity has entries
  [PASS] Entry has timestamp
  [PASS] Entry has event_type
  [PASS] Entry has nation_id
  [PASS] Entry has detail

============================================================
  8. Metrics & Observability
============================================================
  [PASS] GET /metrics returns 200
  [PASS] Has total_requests
  [PASS] Has latency stats

============================================================
  9. SSE Streams
============================================================
  [PASS] GET /stream/feed returns 200
  [PASS] Stream content type is event-stream
  [PASS] Feed SSE sends connected event
  [PASS] GET /stream/activity returns 200
  [PASS] Activity SSE sends connected event

============================================================
  10. Autonomous Generation (Wait for Tick)
============================================================
  [PASS] Feed has accumulated posts (total=91)
  [PASS] Autonomous stats show activity (total=61)

============================================================
  TOTAL: 54 tests | PASSED: 53 | FAILED: 1
============================================================